\! bash sql/arc_srv_log_management.sh
###### LOG FILE MANAGEMENT TEST-0001 ######
###### keep-arclog-files only ######
0
0
Number of existing archivelog files: 5
do --keep-arclog-files=3
0
Number of remaining archivelog files: 3
###### LOG FILE MANAGEMENT TEST-0002 ######
###### keep-arclog-days only ######
0
Number of existing archivelog files: 5
do --keep-arclog-days=1
0
Number of remaining archivelog files: 4
###### LOG FILE MANAGEMENT TEST-0003 ######
###### keep-arclog-files and keep-arclog-days together ######
0
0
0
Number of existing archivelog files: 10
do --keep-arclog-files=3 AND --keep-arclog-days=1
0
Number of remaining archivelog files: 6
###### LOG FILE MANAGEMENT TEST-0004 ######
###### keep-srvlog-files only ######
0
Number of existing server log files: 4
do --keep-srvlog-files=3
0
Number of remaining server log files: 3
###### LOG FILE MANAGEMENT TEST-0005 ######
###### keep-srvlog-days only ######
0
Number of existing server log files: 7
do --keep-srvlog-days=1
0
Number of remaining server log files: 3
###### LOG FILE MANAGEMENT TEST-0006 ######
###### keep-srvlog-files and keep-srvlog-days together ######
0
Number of existing server log files: 7
do --keep-srvlog-files=4 AND --keep-srvlog-days=1
0
Number of remaining server log files: 4
