\! bash sql/show.sh
###### SHOW COMMAND TEST-0001 ######
###### Status DONE and OK ######
0
OK: DONE status is shown properly.
0
OK: OK status is shown properly.

###### SHOW COMMAND TEST-0002 ######
###### Status RUNNING  ######
OK: RUNNING status is shown properly.

###### SHOW COMMAND TEST-0003 ######
###### Status CORRUPT ######
0
remove a file from backup intentionally
0
OK: CORRUPT status is shown properly.

###### SHOW COMMAND TEST-0004 ######
###### Status DELETED ######
0
0
0
0
0
OK: DELETED status is shown properly.

